{
  "contact_summary": "",
  "tasks": {
    "rules": "define Contact {}rule GenerateEvents {when {c: Contact}then {if (c.contact != null && c.contact.type === 'person') {emitTarget(c);}if (c.contact && c.contact.type === 'person') {emitTask(c);}emit('_complete', { _id: true });}}",
    "schedules": {
      "test": true
    },
    "targets": {}
  }
}
