{
  "contact_summary": "",
  "tasks": {
    "rules": "define Target {_id: null,deleted: null,type: null,pass: null,date: null}define Contact {contact: null,reports: null}define Task {_id: null,deleted: null,doc: null,contact: null,icon: null,date: null,title: null,fields: null,resolved: null,priority: null,priorityLabel: null,reports: null,actions: null}rule GenerateEvents {when {c: Contact}then {var idx1,idx2,r,target,now=Utils.now(),targets=[{id:'active-pregnancies',appliesToType:'report',appliesIf:function(e,t){return'D'===t.form},date:'now'},{id:'imm-children-registered-this-month',appliesToType:'person',appliesIf:function(e){return e.age_in_months<=60},date:function(e){return e.contact.reported_date}}],tasks=[];if(c.contact&&'person'===c.contact.type){for(idx1=0;idx1<targets.length;++idx1)switch((target=targets[idx1]).appliesToType){case'person':emitPersonBasedTargetFor(c,target);break;case'report':for(idx2=0;idx2<c.reports.length;++idx2)r=c.reports[idx2],emitReportBasedTargetFor(c,r,target);break;default:throw new Error('unrecognised target type: '+target.type)}for(idx1=0;idx1<tasks.length;++idx1)for(idx2=0;idx2<c.reports.length;++idx2)r=c.reports[idx2],emitTasksForSchedule(c,r,tasks[idx1])}function emitTasksForSchedule(d,n,o){var e;if((!o.appliesToForms||-1!==o.appliesToForms.indexOf(n.form))&&(!o.appliesIf||o.appliesIf(d,n)))if(o.appliesToScheduledTaskIf){if(!n.scheduled_tasks)return;for(e=0;e<n.scheduled_tasks.length;e++)o.appliesToScheduledTaskIf(n,e)&&t(e)}else t();function t(e){var t,a,r,i,s;for(t=0;t<o.events.length;t++)a=(r=o.events[t]).dueDate?r.dueDate(n,r,e):e?new Date(Utils.addDate(new Date(n.scheduled_tasks[e].due),r.days)):new Date(Utils.addDate(new Date(n.reported_date),r.days)),Utils.isTimely(a,r)&&(s={_id:n._id+'-'+r.id,deleted:!!(d.contact&&d.contact.deleted||n.deleted),doc:d,contact:d.contact,icon:o.icon,date:a,title:o.title,resolved:o.resolvedIf(d,n,r,a),actions:o.actions.map(c)},e&&(s._id+='-'+e),'function'==typeof(i=o.priority)&&(i=i(d,n)),i&&(s.priority=i.level,s.priorityLabel=i.label),emit('task',new Task(s)))}function c(e){return{type:'report',form:e.form,label:e.label||'Follow up',content:{source:'task',source_id:n._id,contact:d.contact}}}}function emitPersonBasedTargetFor(e,t){if(!t.appliesIf||t.appliesIf(e)){var a=!t.passesIf||!!t.passesIf(e),r=createTargetInstance(t.id,e.contact,a);r.date=t.date?t.date(e):now.getTime(),emitTargetInstance(r)}}function emitReportBasedTargetFor(e,t,a){var r,i;if(!a.appliesIf||a.appliesIf(e,t))if(a.emitCustom)a.emitCustom(e,t);else switch(i=!a.passesIf||!!a.passesIf(e,t),(r=createTargetInstance(a.id,t,i))._id=('report'===a.idType?t._id:e.contact._id)+'-'+a.id,emitTargetInstance(r),a.date){case'now':r.date=now.getTime()}}function createTargetInstance(e,t,a){return new Target({_id:t._id+'-'+e,deleted:!!t.deleted,type:e,pass:a,date:t.reported_date})}function createTargetInstance(e,t,a){return new Target({_id:t._id+'-'+e,deleted:!!t.deleted,type:e,pass:a,date:t.reported_date})}function emitTargetInstance(e){emit('target',e)}emit('_complete',{_id:!0});}}",
    "schedules": {
      "test": true
    },
    "targets": {
      "enabled": true,
      "items": [
        {
          "id": "active-pregnancies",
          "type": "count",
          "icon": "pregnancy-1",
          "goal": -1,
          "translation_key": "targets.active_pregnancies.title",
          "subtitle_translation_key": "targets.all_time.subtitle"
        },
        {
          "id": "imm-children-registered-this-month",
          "type": "count",
          "icon": "child",
          "goal": -1,
          "translation_key": "targets.children_registered.title",
          "subtitle_translation_key": "targets.this_month.subtitle",
          "context": "user.parent.use_cases.split(' ').indexOf('imm') !== -1"
        }
      ]
    }
  }
}
